[www.otarot.net/tarot-oraculo/expectativa.html]
[backblue.gif]
[fade.gif]
[index.html]
[www.otarot.net/images/favicon.png]
[www.otarot.net/images/icons/apple-touch-icon.png]
[www.otarot.net/images/icons/apple-touch-icon-72x72.png]
[www.otarot.net/images/icons/apple-touch-icon-114x114.png]
[www.otarot.net/css/bootstrap.css]
[www.otarot.net/css/animate.css]
[www.otarot.net/style.css]
[www.otarot.net/global.css]
[www.otarot.net/js/picturefill.min.js]
[pagead2.googlesyndication.com/pagead/js/f6031.txt]
[www.otarot.net/images/logo.png]
[www.otarot.net/tarot-oraculo/index.html]
[www.otarot.net/tarot-oraculo/style.css]
[www.otarot.net/tarot-oraculo/images/faces.png]
[www.otarot.net/js/vendor/jquery.js]
[www.otarot.net/js/bootstrap.js]
[www.otarot.net/tarot-oraculo/scripts/css3-animate-it.js]
[www.otarot.net/images/flags/us.jpg]
[www.otarot.net/images/flags/it.jpg]
[www.otarot.net/images/flags/de.jpg]
[www.otarot.net/images/flags/es.jpg]
[www.otarot.net/images/flags/br.jpg]
[www.otarot.net/tarot-oraculo/expectativa.html]
[www.otarot.net/css/bootstrap.css]
[www.otarot.net/css/animate.css]
[www.google-analytics.com/analytics.js]
[static.axept.io/sdk.js]
[www.otarot.net/fonts/playball-webfont.woff]
[www.otarot.net/fonts/icomoon4fa6.eot]
[www.otarot.net/fonts/icomoon4fa6.ttf]
[www.otarot.net/fonts/icomoon4fa6.woff]
[www.otarot.net/images/bg.jpg]
[www.otarot.net/images/bg/sprite-sun.png]
[www.otarot.net/images/bg/bg2.png]
[www.otarot.net/images/bg/bg3.png]
[www.otarot.net/images/bg/bg4.png]
[www.otarot.net/images/bg/bg5.png]
[www.otarot.net/images/bg/bg6.png]
[www.otarot.net/images/bg/bg7.png]
[www.otarot.net/images/bg/bg8.png]
[www.otarot.net/images/bg/bg9.png]
[www.otarot.net/images/bg/bg10.png]
[www.otarot.net/images/bg/bg11.png]
[www.otarot.net/images/bg/bg.png]
[www.otarot.net/images/bg/bg1.png]
[www.otarot.net/style.css]
[www.otarot.net/global.css]
[www.otarot.net/tarot-oraculo/index.html]
[www.otarot.net/tarot-oraculo/tiragem-gratis.html]
[www.otarot.net/tarot-oraculo/images/bg.jpg]
[www.otarot.net/tarot-oraculo/images/card-back.png]
[www.otarot.net/tarot-oraculo/style.css]
[www.otarot.net/fonts/playball-webfont.html]
[www.otarot.net/fonts/icomoon4fa6.svg]
[www.otarot.net/tarot-oraculo/images/cards/acidente.jpg]
[www.otarot.net/tarot-oraculo/images/cards/amor.jpg]
[www.otarot.net/tarot-oraculo/images/cards/suporte.jpg]
[www.otarot.net/tarot-oraculo/images/cards/dinheiro.jpg]
[www.otarot.net/tarot-oraculo/images/cards/beleza.jpg]
[www.otarot.net/tarot-oraculo/images/cards/felicidade.jpg]
[www.otarot.net/tarot-oraculo/images/cards/campo.jpg]
[www.otarot.net/tarot-oraculo/images/cards/mudanca.jpg]
[www.otarot.net/tarot-oraculo/images/cards/claustros.jpg]
[www.otarot.net/tarot-oraculo/images/cards/descoberta.jpg]
[www.otarot.net/tarot-oraculo/images/cards/partida.jpg]
[www.otarot.net/tarot-oraculo/images/cards/despotismo.jpg]
[www.otarot.net/tarot-oraculo/images/cards/elevacao.jpg]
[www.otarot.net/tarot-oraculo/images/cards/inimigos.jpg]
[www.otarot.net/tarot-oraculo/images/cards/negocio.jpg]
[www.otarot.net/tarot-oraculo/images/cards/familia.jpg]
[www.otarot.net/tarot-oraculo/images/cards/fatalidade.jpg]
[www.otarot.net/tarot-oraculo/images/cards/fogo.jpg]
[www.otarot.net/tarot-oraculo/images/cards/heranca.jpg]
[www.otarot.net/tarot-oraculo/images/cards/honras.jpg]
[www.otarot.net/tarot-oraculo/images/cards/inconstancia.jpg]
[www.otarot.net/tarot-oraculo/images/cards/desgraca.jpg]
[www.otarot.net/tarot-oraculo/images/cards/a-carta-azul.jpg]
[www.otarot.net/tarot-oraculo/images/cards/destino.jpg]
[www.otarot.net/tarot-oraculo/images/cards/grace.jpg]
[www.otarot.net/tarot-oraculo/images/cards/natividade.jpg]
[www.otarot.net/tarot-oraculo/images/cards/paz.jpg]
[www.otarot.net/tarot-oraculo/images/cards/sucesso.jpg]
[www.otarot.net/tarot-oraculo/images/cards/tabela.jpg]
[www.otarot.net/tarot-oraculo/images/cards/agua.jpg]
[www.otarot.net/tarot-oraculo/images/cards/sorte.jpg]
[www.otarot.net/tarot-oraculo/images/cards/penates.jpg]
[www.otarot.net/tarot-oraculo/images/cards/estrella-mulher.jpg]
[www.otarot.net/tarot-oraculo/images/cards/estrella-homem.jpg]
[www.otarot.net/tarot-oraculo/images/cards/inteligencia.jpg]
[www.otarot.net/tarot-oraculo/images/cards/doenca.jpg]
[www.otarot.net/tarot-oraculo/images/cards/malicia.jpg]
[www.otarot.net/tarot-oraculo/images/cards/novo.jpg]
[www.otarot.net/tarot-oraculo/images/cards/sentimentos.jpg]
[www.otarot.net/tarot-oraculo/images/cards/amizade.jpg]
[www.otarot.net/tarot-oraculo/images/cards/prazer.jpg]
[www.otarot.net/tarot-oraculo/images/cards/conversas.jpg]
[www.otarot.net/tarot-oraculo/images/cards/presente.jpg]
[www.otarot.net/tarot-oraculo/images/cards/julgamento.jpg]
[www.otarot.net/tarot-oraculo/images/cards/famoso.jpg]
[www.otarot.net/tarot-oraculo/images/cards/atrasar.jpg]
[www.otarot.net/tarot-oraculo/images/cards/arruinado.jpg]
[www.otarot.net/tarot-oraculo/images/cards/sabedoria.jpg]
[www.otarot.net/tarot-oraculo/images/cards/esterilidade.jpg]
[www.otarot.net/tarot-oraculo/images/cards/trafego.jpg]
[www.otarot.net/tarot-oraculo/images/cards/traicao.jpg]
[www.otarot.net/tarot-oraculo/images/cards/uniao.jpg]
[www.otarot.net/tarot-oraculo/images/cards/robando.jpg]
[www.otarot.net/tarot-oraculo/scripts/newApp.js]
[www.otarot.net/tarot-oraculo/scripts/script-belline.js]
[www.otarot.net/tarot-oraculo/tiragem-gratis.html]
[www.otarot.net/tarot-oraculo/images/bg.html]
[www.otarot.net/tarot-oraculo/images/bg-belline.html]
[www.otarot.net/tarot-oraculo/images/bg-belline-2.html]
[www.otarot.net/tarot-oraculo/images/bg/bg1.html]
[www.otarot.net/tarot-oraculo/images/bg/bg2.html]
[www.otarot.net/tarot-oraculo/images/bg/bg3.html]
[www.otarot.net/tarot-oraculo/images/bg/bg4.html]
[www.otarot.net/tarot-oraculo/images/bg/bg5.html]
[www.otarot.net/tarot-oraculo/images/bg/bg6.html]
[www.otarot.net/tarot-oraculo/images/bg/bg7.html]
[www.otarot.net/tarot-oraculo/images/bg/bg8.html]
[www.otarot.net/tarot-oraculo/images/bg/bg9.html]
[www.otarot.net/tarot-oraculo/images/bg/bg10.html]
[www.otarot.net/tarot-oraculo/images/bg/bg11.html]
[www.otarot.net/tarot-oraculo/images/bg/bg.html]
